  uColors.cpp
D:\Documentos\~Mods\Postal\1\Traducción Español Latino (WIP)\Postal_Spanish_Localization\RSPiX\Src\BLUE\unix\UnixSystem.h(247,5): warning C4996: '_snprintf': This function or variable may be unsafe. Consider using _snprintf_s instead. To disable deprecation, use _CRT_SECURE_NO_WARNINGS. See online help for details.
  (compilando archivo de origen "RSPiX/Src/CYAN/Unix/uColors.cpp")
  
D:\Documentos\~Mods\Postal\1\Traducción Español Latino (WIP)\Postal_Spanish_Localization\RSPiX\Src\BLUE\unix\UnixSystem.h(253,5): warning C4996: '_snprintf': This function or variable may be unsafe. Consider using _snprintf_s instead. To disable deprecation, use _CRT_SECURE_NO_WARNINGS. See online help for details.
  (compilando archivo de origen "RSPiX/Src/CYAN/Unix/uColors.cpp")
  
D:\Documentos\~Mods\Postal\1\Traducción Español Latino (WIP)\Postal_Spanish_Localization\RSPiX\Src\BLUE\unix\UnixSystem.h(259,5): warning C4996: '_snprintf': This function or variable may be unsafe. Consider using _snprintf_s instead. To disable deprecation, use _CRT_SECURE_NO_WARNINGS. See online help for details.
  (compilando archivo de origen "RSPiX/Src/CYAN/Unix/uColors.cpp")
  
  uDialog.cpp
D:\Documentos\~Mods\Postal\1\Traducción Español Latino (WIP)\Postal_Spanish_Localization\RSPiX\Src\BLUE\unix\UnixSystem.h(247,5): warning C4996: '_snprintf': This function or variable may be unsafe. Consider using _snprintf_s instead. To disable deprecation, use _CRT_SECURE_NO_WARNINGS. See online help for details.
  (compilando archivo de origen "RSPiX/Src/CYAN/Unix/uDialog.cpp")
  
D:\Documentos\~Mods\Postal\1\Traducción Español Latino (WIP)\Postal_Spanish_Localization\RSPiX\Src\BLUE\unix\UnixSystem.h(253,5): warning C4996: '_snprintf': This function or variable may be unsafe. Consider using _snprintf_s instead. To disable deprecation, use _CRT_SECURE_NO_WARNINGS. See online help for details.
  (compilando archivo de origen "RSPiX/Src/CYAN/Unix/uDialog.cpp")
  
D:\Documentos\~Mods\Postal\1\Traducción Español Latino (WIP)\Postal_Spanish_Localization\RSPiX\Src\BLUE\unix\UnixSystem.h(259,5): warning C4996: '_snprintf': This function or variable may be unsafe. Consider using _snprintf_s instead. To disable deprecation, use _CRT_SECURE_NO_WARNINGS. See online help for details.
  (compilando archivo de origen "RSPiX/Src/CYAN/Unix/uDialog.cpp")
  
  uPath.cpp
D:\Documentos\~Mods\Postal\1\Traducción Español Latino (WIP)\Postal_Spanish_Localization\RSPiX\Src\BLUE\unix\UnixSystem.h(247,5): warning C4996: '_snprintf': This function or variable may be unsafe. Consider using _snprintf_s instead. To disable deprecation, use _CRT_SECURE_NO_WARNINGS. See online help for details.
  (compilando archivo de origen "RSPiX/Src/CYAN/Unix/uPath.cpp")
  
D:\Documentos\~Mods\Postal\1\Traducción Español Latino (WIP)\Postal_Spanish_Localization\RSPiX\Src\BLUE\unix\UnixSystem.h(253,5): warning C4996: '_snprintf': This function or variable may be unsafe. Consider using _snprintf_s instead. To disable deprecation, use _CRT_SECURE_NO_WARNINGS. See online help for details.
  (compilando archivo de origen "RSPiX/Src/CYAN/Unix/uPath.cpp")
  
D:\Documentos\~Mods\Postal\1\Traducción Español Latino (WIP)\Postal_Spanish_Localization\RSPiX\Src\BLUE\unix\UnixSystem.h(259,5): warning C4996: '_snprintf': This function or variable may be unsafe. Consider using _snprintf_s instead. To disable deprecation, use _CRT_SECURE_NO_WARNINGS. See online help for details.
  (compilando archivo de origen "RSPiX/Src/CYAN/Unix/uPath.cpp")
  
D:\Documentos\~Mods\Postal\1\Traducción Español Latino (WIP)\Postal_Spanish_Localization\RSPiX\Src\CYAN\Unix\uPath.cpp(78,9): warning C4996: 'strcpy': This function or variable may be unsafe. Consider using strcpy_s instead. To disable deprecation, use _CRT_SECURE_NO_WARNINGS. See online help for details.
D:\Documentos\~Mods\Postal\1\Traducción Español Latino (WIP)\Postal_Spanish_Localization\RSPiX\Src\CYAN\Unix\uPath.cpp(118,9): warning C4996: 'strcpy': This function or variable may be unsafe. Consider using strcpy_s instead. To disable deprecation, use _CRT_SECURE_NO_WARNINGS. See online help for details.
D:\Documentos\~Mods\Postal\1\Traducción Español Latino (WIP)\Postal_Spanish_Localization\RSPiX\Src\CYAN\Unix\uPath.cpp(160,5): warning C4996: 'strncpy': This function or variable may be unsafe. Consider using strncpy_s instead. To disable deprecation, use _CRT_SECURE_NO_WARNINGS. See online help for details.
  Generando código...
  Cyan.vcxproj -> D:\Documentos\~Mods\Postal\1\Traducción Español Latino (WIP)\Postal_Spanish_Localization\Build\Cyan\Release\Cyan.lib
