  pipeline.cpp
D:\Documentos\~Mods\Postal\1\Traducción Español Latino (WIP)\Postal_Spanish_Localization\RSPiX\Src\BLUE\unix\UnixSystem.h(247,5): warning C4996: '_snprintf': This function or variable may be unsafe. Consider using _snprintf_s instead. To disable deprecation, use _CRT_SECURE_NO_WARNINGS. See online help for details.
  (compilando archivo de origen "RSPiX/Src/GREEN/3D/pipeline.cpp")
  
D:\Documentos\~Mods\Postal\1\Traducción Español Latino (WIP)\Postal_Spanish_Localization\RSPiX\Src\BLUE\unix\UnixSystem.h(253,5): warning C4996: '_snprintf': This function or variable may be unsafe. Consider using _snprintf_s instead. To disable deprecation, use _CRT_SECURE_NO_WARNINGS. See online help for details.
  (compilando archivo de origen "RSPiX/Src/GREEN/3D/pipeline.cpp")
  
D:\Documentos\~Mods\Postal\1\Traducción Español Latino (WIP)\Postal_Spanish_Localization\RSPiX\Src\BLUE\unix\UnixSystem.h(259,5): warning C4996: '_snprintf': This function or variable may be unsafe. Consider using _snprintf_s instead. To disable deprecation, use _CRT_SECURE_NO_WARNINGS. See online help for details.
  (compilando archivo de origen "RSPiX/Src/GREEN/3D/pipeline.cpp")
  
D:\Documentos\~Mods\Postal\1\Traducción Español Latino (WIP)\Postal_Spanish_Localization\RSPiX\Src\ORANGE\QuickMath\QuickMath.h(192,12): warning C4244: '=': conversión de 'S64' a 'S32'; posible pérdida de datos
  (compilando archivo de origen "RSPiX/Src/GREEN/3D/pipeline.cpp")
  
D:\Documentos\~Mods\Postal\1\Traducción Español Latino (WIP)\Postal_Spanish_Localization\RSPiX\Src\ORANGE\QuickMath\QuickMath.h(193,12): warning C4244: '=': conversión de 'S64' a 'S32'; posible pérdida de datos
  (compilando archivo de origen "RSPiX/Src/GREEN/3D/pipeline.cpp")
  
D:\Documentos\~Mods\Postal\1\Traducción Español Latino (WIP)\Postal_Spanish_Localization\RSPiX\Src\ORANGE\QuickMath\VectorMath.h(86,2): warning C5208: la clase sin nombre que se usa en el nombre typedef no puede declarar miembros que no sean miembros de datos no estáticos, enumeraciones de miembros o clases de miembros
  (compilando archivo de origen "RSPiX/Src/GREEN/3D/pipeline.cpp")
  
D:\Documentos\~Mods\Postal\1\Traducción Español Latino (WIP)\Postal_Spanish_Localization\RSPiX\Src\ORANGE\QuickMath\VectorMath.h(136,9): warning C4244: 'inicializando': conversión de 'double' a 'float'; posible pérdida de datos
  (compilando archivo de origen "RSPiX/Src/GREEN/3D/pipeline.cpp")
  
D:\Documentos\~Mods\Postal\1\Traducción Español Latino (WIP)\Postal_Spanish_Localization\RSPiX\Src\GREEN\3D\pipeline.cpp(110,41): warning C4244: '=': conversión de 'double' a 'float'; posible pérdida de datos
D:\Documentos\~Mods\Postal\1\Traducción Español Latino (WIP)\Postal_Spanish_Localization\RSPiX\Src\GREEN\3D\pipeline.cpp(112,41): warning C4244: '=': conversión de 'double' a 'float'; posible pérdida de datos
D:\Documentos\~Mods\Postal\1\Traducción Español Latino (WIP)\Postal_Spanish_Localization\RSPiX\Src\GREEN\3D\pipeline.cpp(431,31): warning C4244: '=': conversión de 'double' a 'int16_t'; posible pérdida de datos
D:\Documentos\~Mods\Postal\1\Traducción Español Latino (WIP)\Postal_Spanish_Localization\RSPiX\Src\GREEN\3D\pipeline.cpp(432,24): warning C4244: '=': conversión de 'double' a 'int16_t'; posible pérdida de datos
  render.cpp
D:\Documentos\~Mods\Postal\1\Traducción Español Latino (WIP)\Postal_Spanish_Localization\RSPiX\Src\BLUE\unix\UnixSystem.h(247,5): warning C4996: '_snprintf': This function or variable may be unsafe. Consider using _snprintf_s instead. To disable deprecation, use _CRT_SECURE_NO_WARNINGS. See online help for details.
  (compilando archivo de origen "RSPiX/Src/GREEN/3D/render.cpp")
  
D:\Documentos\~Mods\Postal\1\Traducción Español Latino (WIP)\Postal_Spanish_Localization\RSPiX\Src\BLUE\unix\UnixSystem.h(253,5): warning C4996: '_snprintf': This function or variable may be unsafe. Consider using _snprintf_s instead. To disable deprecation, use _CRT_SECURE_NO_WARNINGS. See online help for details.
  (compilando archivo de origen "RSPiX/Src/GREEN/3D/render.cpp")
  
D:\Documentos\~Mods\Postal\1\Traducción Español Latino (WIP)\Postal_Spanish_Localization\RSPiX\Src\BLUE\unix\UnixSystem.h(259,5): warning C4996: '_snprintf': This function or variable may be unsafe. Consider using _snprintf_s instead. To disable deprecation, use _CRT_SECURE_NO_WARNINGS. See online help for details.
  (compilando archivo de origen "RSPiX/Src/GREEN/3D/render.cpp")
  
D:\Documentos\~Mods\Postal\1\Traducción Español Latino (WIP)\Postal_Spanish_Localization\RSPiX\Src\ORANGE\QuickMath\QuickMath.h(192,12): warning C4244: '=': conversión de 'S64' a 'S32'; posible pérdida de datos
  (compilando archivo de origen "RSPiX/Src/GREEN/3D/render.cpp")
  
D:\Documentos\~Mods\Postal\1\Traducción Español Latino (WIP)\Postal_Spanish_Localization\RSPiX\Src\ORANGE\QuickMath\QuickMath.h(193,12): warning C4244: '=': conversión de 'S64' a 'S32'; posible pérdida de datos
  (compilando archivo de origen "RSPiX/Src/GREEN/3D/render.cpp")
  
D:\Documentos\~Mods\Postal\1\Traducción Español Latino (WIP)\Postal_Spanish_Localization\RSPiX\Src\ORANGE\QuickMath\VectorMath.h(86,2): warning C5208: la clase sin nombre que se usa en el nombre typedef no puede declarar miembros que no sean miembros de datos no estáticos, enumeraciones de miembros o clases de miembros
  (compilando archivo de origen "RSPiX/Src/GREEN/3D/render.cpp")
  
D:\Documentos\~Mods\Postal\1\Traducción Español Latino (WIP)\Postal_Spanish_Localization\RSPiX\Src\ORANGE\QuickMath\VectorMath.h(136,9): warning C4244: 'inicializando': conversión de 'double' a 'float'; posible pérdida de datos
  (compilando archivo de origen "RSPiX/Src/GREEN/3D/render.cpp")
  
  types3d.cpp
D:\Documentos\~Mods\Postal\1\Traducción Español Latino (WIP)\Postal_Spanish_Localization\RSPiX\Src\BLUE\unix\UnixSystem.h(247,5): warning C4996: '_snprintf': This function or variable may be unsafe. Consider using _snprintf_s instead. To disable deprecation, use _CRT_SECURE_NO_WARNINGS. See online help for details.
  (compilando archivo de origen "RSPiX/Src/GREEN/3D/types3d.cpp")
  
D:\Documentos\~Mods\Postal\1\Traducción Español Latino (WIP)\Postal_Spanish_Localization\RSPiX\Src\BLUE\unix\UnixSystem.h(253,5): warning C4996: '_snprintf': This function or variable may be unsafe. Consider using _snprintf_s instead. To disable deprecation, use _CRT_SECURE_NO_WARNINGS. See online help for details.
  (compilando archivo de origen "RSPiX/Src/GREEN/3D/types3d.cpp")
  
D:\Documentos\~Mods\Postal\1\Traducción Español Latino (WIP)\Postal_Spanish_Localization\RSPiX\Src\BLUE\unix\UnixSystem.h(259,5): warning C4996: '_snprintf': This function or variable may be unsafe. Consider using _snprintf_s instead. To disable deprecation, use _CRT_SECURE_NO_WARNINGS. See online help for details.
  (compilando archivo de origen "RSPiX/Src/GREEN/3D/types3d.cpp")
  
D:\Documentos\~Mods\Postal\1\Traducción Español Latino (WIP)\Postal_Spanish_Localization\RSPiX\Src\ORANGE\QuickMath\QuickMath.h(192,12): warning C4244: '=': conversión de 'S64' a 'S32'; posible pérdida de datos
  (compilando archivo de origen "RSPiX/Src/GREEN/3D/types3d.cpp")
  
D:\Documentos\~Mods\Postal\1\Traducción Español Latino (WIP)\Postal_Spanish_Localization\RSPiX\Src\ORANGE\QuickMath\QuickMath.h(193,12): warning C4244: '=': conversión de 'S64' a 'S32'; posible pérdida de datos
  (compilando archivo de origen "RSPiX/Src/GREEN/3D/types3d.cpp")
  
D:\Documentos\~Mods\Postal\1\Traducción Español Latino (WIP)\Postal_Spanish_Localization\RSPiX\Src\ORANGE\QuickMath\VectorMath.h(86,2): warning C5208: la clase sin nombre que se usa en el nombre typedef no puede declarar miembros que no sean miembros de datos no estáticos, enumeraciones de miembros o clases de miembros
  (compilando archivo de origen "RSPiX/Src/GREEN/3D/types3d.cpp")
  
D:\Documentos\~Mods\Postal\1\Traducción Español Latino (WIP)\Postal_Spanish_Localization\RSPiX\Src\ORANGE\QuickMath\VectorMath.h(136,9): warning C4244: 'inicializando': conversión de 'double' a 'float'; posible pérdida de datos
  (compilando archivo de origen "RSPiX/Src/GREEN/3D/types3d.cpp")
  
D:\Documentos\~Mods\Postal\1\Traducción Español Latino (WIP)\Postal_Spanish_Localization\RSPiX\Src\GREEN\3D\types3d.cpp(243,3): warning C4244: '=': conversión de 'float' a 'U8'; posible pérdida de datos
D:\Documentos\~Mods\Postal\1\Traducción Español Latino (WIP)\Postal_Spanish_Localization\RSPiX\Src\GREEN\3D\types3d.cpp(246,3): warning C4244: '=': conversión de 'float' a 'U8'; posible pérdida de datos
D:\Documentos\~Mods\Postal\1\Traducción Español Latino (WIP)\Postal_Spanish_Localization\RSPiX\Src\GREEN\3D\types3d.cpp(249,3): warning C4244: '=': conversión de 'float' a 'U8'; posible pérdida de datos
  zbuffer.cpp
D:\Documentos\~Mods\Postal\1\Traducción Español Latino (WIP)\Postal_Spanish_Localization\RSPiX\Src\BLUE\unix\UnixSystem.h(247,5): warning C4996: '_snprintf': This function or variable may be unsafe. Consider using _snprintf_s instead. To disable deprecation, use _CRT_SECURE_NO_WARNINGS. See online help for details.
  (compilando archivo de origen "RSPiX/Src/GREEN/3D/zbuffer.cpp")
  
D:\Documentos\~Mods\Postal\1\Traducción Español Latino (WIP)\Postal_Spanish_Localization\RSPiX\Src\BLUE\unix\UnixSystem.h(253,5): warning C4996: '_snprintf': This function or variable may be unsafe. Consider using _snprintf_s instead. To disable deprecation, use _CRT_SECURE_NO_WARNINGS. See online help for details.
  (compilando archivo de origen "RSPiX/Src/GREEN/3D/zbuffer.cpp")
  
D:\Documentos\~Mods\Postal\1\Traducción Español Latino (WIP)\Postal_Spanish_Localization\RSPiX\Src\BLUE\unix\UnixSystem.h(259,5): warning C4996: '_snprintf': This function or variable may be unsafe. Consider using _snprintf_s instead. To disable deprecation, use _CRT_SECURE_NO_WARNINGS. See online help for details.
  (compilando archivo de origen "RSPiX/Src/GREEN/3D/zbuffer.cpp")
  
D:\Documentos\~Mods\Postal\1\Traducción Español Latino (WIP)\Postal_Spanish_Localization\RSPiX\Src\ORANGE\QuickMath\QuickMath.h(192,12): warning C4244: '=': conversión de 'S64' a 'S32'; posible pérdida de datos
  (compilando archivo de origen "RSPiX/Src/GREEN/3D/zbuffer.cpp")
  
D:\Documentos\~Mods\Postal\1\Traducción Español Latino (WIP)\Postal_Spanish_Localization\RSPiX\Src\ORANGE\QuickMath\QuickMath.h(193,12): warning C4244: '=': conversión de 'S64' a 'S32'; posible pérdida de datos
  (compilando archivo de origen "RSPiX/Src/GREEN/3D/zbuffer.cpp")
  
  Generando código...
  BLiT3D.vcxproj -> D:\Documentos\~Mods\Postal\1\Traducción Español Latino (WIP)\Postal_Spanish_Localization\Build\BLiT3D\Release\BLiT3D.lib
